LOG STARTED!
[00:54:54] [INFO] [SERVER] Starting server...
[00:54:54] [INFO] [SERVER] Server started on 7777 maxplayers: 4
[00:54:54] [INFO] [SERVER] LAN address: 10.242.29.152:7777
[00:54:54] [INFO] [SERVER] LAN address: 192.168.0.5:7777
[00:54:54] [INFO] [SERVER] LAN address: 192.168.194.223:7777
[00:54:54] [INFO] [SERVER] Use one of the IPv4 addresses above in the client's Network.Host setting.
[00:54:54] [INFO] [MODULE_LOADER] MODULES PATH: C:\Users\irani\OneDrive\Documentos\GitHub\WW_Launcher\src\WWDedicatedServer\bin\Release\netcoreapp5.0\ServerModules
[00:54:54] [INFO] [MODULE_LOADER] C:\Users\irani\OneDrive\Documentos\GitHub\WW_Launcher\src\WWDedicatedServer\bin\Release\netcoreapp5.0\ServerModules\ORIDEServerModule.dll
[00:54:54] [INFO] [Ori and the Blind Forest: DE - Coop Plus Server] ==========================================
[00:54:54] [INFO] [Ori and the Blind Forest: DE - Coop Plus Server]  Ori Coop Plus Server Module CARREGADO!
[00:54:54] [INFO] [Ori and the Blind Forest: DE - Coop Plus Server]  Recursos ativos: Teleporte, Habilidades, Mundo, Nomes.
[00:54:54] [INFO] [Ori and the Blind Forest: DE - Coop Plus Server]  Digite /coop para ver as opções ou /dummy para bot de testes.
[00:54:54] [INFO] [Ori and the Blind Forest: DE - Coop Plus Server] ==========================================
[00:54:54] [INFO] [MODULE_LOADER] Plugin loaded: Ori and the Blind Forest: DE - Coop Plus Server
[00:55:10] [INFO] [DUMMY] [+] Dummy bot 'Bot_Amigo' (ID: 999) SPAWNED!
[00:55:10] [INFO] [DUMMY] Test Dummy bot is now: ACTIVE (ID 999)
[00:55:26] [ERROR] [TP] Jogador não encontrado. Use o nick exato ou o ID.
[00:55:32] [INFO] [SERVER] Incoming connection from 127.0.0.1:62076...
[00:55:32] [INFO] [SERVER] 127.0.0.1:62076 connected successfully and is new player: NONICK
[00:58:11] [ERROR] [TP] Jogador não encontrado. Use o nick exato ou o ID.
[00:58:21] [ERROR] [TP] Jogador não encontrado. Use o nick exato ou o ID.
[00:58:45] [INFO] [COOP] Teleporte configurado para: ATIVADO
[00:58:48] [ERROR] [TP] Jogador não encontrado. Use o nick exato ou o ID.
[00:58:56] [WARNING] [SERVER] A UDP client connection was reset; continuing to listen.
[00:58:56] [WARNING] [SERVER] A UDP client connection was reset; continuing to listen.
[00:58:57] [WARNING] [SERVER] A UDP client connection was reset; continuing to listen.
[00:58:57] [WARNING] [SERVER] A UDP client connection was reset; continuing to listen.
[00:58:57] [WARNING] [SERVER] A UDP client connection was reset; continuing to listen.
[00:58:57] [WARNING] [SERVER] A UDP client connection was reset; continuing to listen.
[00:58:57] [WARNING] [SERVER] A UDP client connection was reset; continuing to listen.
[00:58:57] [WARNING] [SERVER] A UDP client connection was reset; continuing to listen.
[00:58:57] [WARNING] [SERVER] A UDP client connection was reset; continuing to listen.
[00:58:57] [WARNING] [SERVER] A UDP client connection was reset; continuing to listen.
[00:58:57] [WARNING] [SERVER] A UDP client connection was reset; continuing to listen.
[00:58:57] [WARNING] [SERVER] A UDP client connection was reset; continuing to listen.
[00:58:58] [WARNING] [SERVER] A UDP client connection was reset; continuing to listen.
[00:58:58] [WARNING] [SERVER] A UDP client connection was reset; continuing to listen.
[00:58:58] [WARNING] [SERVER] A UDP client connection was reset; continuing to listen.
[00:58:58] [WARNING] [SERVER] A UDP client connection was reset; continuing to listen.
[00:58:58] [WARNING] [SERVER] A UDP client connection was reset; continuing to listen.
[00:58:58] [WARNING] [SERVER] A UDP client connection was reset; continuing to listen.
[00:58:58] [WARNING] [SERVER] A UDP client connection was reset; continuing to listen.
[00:58:58] [WARNING] [SERVER] A UDP client connection was reset; continuing to listen.
[00:58:58] [WARNING] [SERVER] A UDP client connection was reset; continuing to listen.
[00:58:58] [WARNING] [SERVER] A UDP client connection was reset; continuing to listen.
[00:58:59] [WARNING] [SERVER] A UDP client connection was reset; continuing to listen.
[00:58:59] [WARNING] [SERVER] A UDP client connection was reset; continuing to listen.
[00:58:59] [WARNING] [SERVER] A UDP client connection was reset; continuing to listen.
[00:58:59] [WARNING] [SERVER] A UDP client connection was reset; continuing to listen.
[00:58:59] [WARNING] [SERVER] A UDP client connection was reset; continuing to listen.
[00:58:59] [WARNING] [SERVER] A UDP client connection was reset; continuing to listen.
[00:58:59] [WARNING] [SERVER] A UDP client connection was reset; continuing to listen.
[00:58:59] [WARNING] [SERVER] A UDP client connection was reset; continuing to listen.
[00:58:59] [WARNING] [SERVER] A UDP client connection was reset; continuing to listen.
[00:58:59] [WARNING] [SERVER] A UDP client connection was reset; continuing to listen.
[00:59:00] [WARNING] [SERVER] A UDP client connection was reset; continuing to listen.
[00:59:00] [WARNING] [SERVER] A UDP client connection was reset; continuing to listen.
[00:59:00] [WARNING] [SERVER] A UDP client connection was reset; continuing to listen.
[00:59:00] [WARNING] [SERVER] A UDP client connection was reset; continuing to listen.
[00:59:00] [WARNING] [SERVER] A UDP client connection was reset; continuing to listen.
[00:59:00] [WARNING] [SERVER] A UDP client connection was reset; continuing to listen.
[00:59:00] [WARNING] [SERVER] A UDP client connection was reset; continuing to listen.
[00:59:00] [WARNING] [SERVER] A UDP client connection was reset; continuing to listen.
[00:59:00] [WARNING] [SERVER] A UDP client connection was reset; continuing to listen.
[00:59:00] [WARNING] [SERVER] A UDP client connection was reset; continuing to listen.
[00:59:01] [WARNING] [SERVER] A UDP client connection was reset; continuing to listen.
[00:59:01] [WARNING] [SERVER] A UDP client connection was reset; continuing to listen.
[00:59:01] [WARNING] [SERVER] A UDP client connection was reset; continuing to listen.
[00:59:01] [INFO] [SERVER] Incoming connection from 127.0.0.1:64248...
[00:59:01] [INFO] [SERVER] 127.0.0.1:64248 connected successfully and is new player: NONICK
[00:59:17] [INFO] [SERVER] CLIENT 0 DISCONNECTED! REASON: Close